=== dry-run batch 2026-10-03 00:07:19 +09:00
--- [02_gpu_smoke] exit=0
CMD: py tools\d1_experiment_orchestrator.py --serial <IP:PORT> --mode pilot --resources NPU --npu-accelerator GPU --npu-model-asset models/mobilenet_v1_1.0_224.tflite --npu-gpu-precision FP32 --npu-diagnostic-logcat --accuracy-preflight optional --gpu-profile gpu-fp32-strict-v1 --duty-cycles 100 --duration 60 --warmup 20 --repeat 1 --seed 20261002 --start-policy stable --cooling-policy stable --stability-timeout-seconds 1800 --cooling-timeout-seconds 1800 --emergency-check-interval-seconds 10 --emergency-max-android-thermal-status 3 --output-dir C:\Users\rhoyo\AndroidStudioProjects\D1Check_v4\results\S26_GPUcm_smoke_1002 --dry-run
    "note": "dry-run does not query thermalservice or wait"
  },
  "cooling": {
    "policy": "stable",
    "post_load_idle_seconds": 0.0,
    "minimum_seconds": 0.0,
    "timeout_seconds": 1800.0,
    "runner_force_stop_before_interval": true
  },
  "performs_adb_calls": false,
  "writes_manifest": false
}
--- [03_cap_smoke] exit=0
CMD: py tools\d1_experiment_orchestrator.py --serial <IP:PORT> --mode pilot --resources NPU --npu-max-inference-spans 2000000 --accuracy-preflight off --duty-cycles 100 --duration 30 --warmup 20 --repeat 1 --seed 20261002 --start-policy stable --cooling-policy stable --stability-timeout-seconds 1800 --cooling-timeout-seconds 1800 --emergency-check-interval-seconds 10 --emergency-max-android-thermal-status 3 --output-dir C:\Users\rhoyo\AndroidStudioProjects\D1Check_v4\results\S26_capsmoke_npu_1002 --dry-run
    "note": "dry-run does not query thermalservice or wait"
  },
  "cooling": {
    "policy": "stable",
    "post_load_idle_seconds": 0.0,
    "minimum_seconds": 0.0,
    "timeout_seconds": 1800.0,
    "runner_force_stop_before_interval": true
  },
  "performs_adb_calls": false,
  "writes_manifest": false
}
--- [04_n1300] exit=0
CMD: py tools\d1_experiment_orchestrator.py --serial <IP:PORT> --mode pilot --resources NPU --npu-run-only-span --npu-max-inference-spans 2000000 --duty-cycles 100 --duration 1300 --warmup 20 --repeat 1 --seed 20260910 --accuracy-preflight off --start-policy stable --cooling-policy stable --stability-timeout-seconds 1800 --cooling-timeout-seconds 3600 --cooling-min-seconds 600 --runner-timeout-seconds 2700 --logger-exit-timeout-seconds 3600 --logger-keep-files-open --analyze-timeout-seconds 900 --emergency-check-interval-seconds 10 --emergency-max-android-thermal-status 3 --output-dir C:\Users\rhoyo\AndroidStudioProjects\D1Check_v4\results\S26_N1300_npu_1002 --dry-run
    "note": "dry-run does not query thermalservice or wait"
  },
  "cooling": {
    "policy": "stable",
    "post_load_idle_seconds": 0.0,
    "minimum_seconds": 600.0,
    "timeout_seconds": 3600.0,
    "runner_force_stop_before_interval": true
  },
  "performs_adb_calls": false,
  "writes_manifest": false
}
--- [04_n600] exit=0
CMD: py tools\d1_experiment_orchestrator.py --serial <IP:PORT> --mode pilot --resources NPU --npu-run-only-span --npu-max-inference-spans 1000000 --duty-cycles 100 --duration 600 --warmup 20 --repeat 1 --seed 20260910 --accuracy-preflight off --start-policy stable --cooling-policy stable --stability-timeout-seconds 1800 --cooling-timeout-seconds 3600 --cooling-min-seconds 600 --runner-timeout-seconds 1200 --logger-exit-timeout-seconds 1800 --logger-keep-files-open --analyze-timeout-seconds 600 --emergency-check-interval-seconds 10 --emergency-max-android-thermal-status 3 --output-dir C:\Users\rhoyo\AndroidStudioProjects\D1Check_v4\results\S26_N600_npu_1002 --dry-run
    "note": "dry-run does not query thermalservice or wait"
  },
  "cooling": {
    "policy": "stable",
    "post_load_idle_seconds": 0.0,
    "minimum_seconds": 600.0,
    "timeout_seconds": 3600.0,
    "runner_force_stop_before_interval": true
  },
  "performs_adb_calls": false,
  "writes_manifest": false
}
--- [05_chain_smoke] exit=0
CMD: py tools\d1_experiment_orchestrator.py --serial <IP:PORT> --mode pilot --resources NPU --npu-chain tools\chains\chain_smoke_gpu_npu_v1.json --duration 40 --warmup 20 --repeat 1 --seed 20261002 --accuracy-preflight off --start-policy stable --cooling-policy stable --stability-timeout-seconds 1800 --cooling-timeout-seconds 1800 --emergency-check-interval-seconds 10 --emergency-max-android-thermal-status 3 --output-dir C:\Users\rhoyo\AndroidStudioProjects\D1Check_v4\results\S26_chainsmoke_1002 --dry-run
    "note": "dry-run does not query thermalservice or wait"
  },
  "cooling": {
    "policy": "stable",
    "post_load_idle_seconds": 0.0,
    "minimum_seconds": 0.0,
    "timeout_seconds": 1800.0,
    "runner_force_stop_before_interval": true
  },
  "performs_adb_calls": false,
  "writes_manifest": false
}
--- [05_chain_smoke_upfront] exit=0
CMD: py tools\d1_experiment_orchestrator.py --serial <IP:PORT> --mode pilot --resources NPU --npu-chain tools\chains\chain_smoke_gpu_npu_upfront_v1.json --duration 40 --warmup 20 --repeat 1 --seed 20261002 --accuracy-preflight off --start-policy stable --cooling-policy stable --stability-timeout-seconds 1800 --cooling-timeout-seconds 1800 --emergency-check-interval-seconds 10 --emergency-max-android-thermal-status 3 --output-dir C:\Users\rhoyo\AndroidStudioProjects\D1Check_v4\results\S26_chainsmoke_upfront_1002 --dry-run
    "note": "dry-run does not query thermalservice or wait"
  },
  "cooling": {
    "policy": "stable",
    "post_load_idle_seconds": 0.0,
    "minimum_seconds": 0.0,
    "timeout_seconds": 1800.0,
    "runner_force_stop_before_interval": true
  },
  "performs_adb_calls": false,
  "writes_manifest": false
}
--- [06_m2_C1] exit=0
CMD: py tools\d1_experiment_orchestrator.py --serial <IP:PORT> --npu-chain tools\chains\m2_control_gpu_to_npu_v1.json --duration 90 --npu-max-inference-spans 400000 --mode pilot --resources NPU --warmup 20 --repeat 1 --seed 20261002 --accuracy-preflight off --start-policy stable --cooling-policy stable --stability-timeout-seconds 1800 --cooling-timeout-seconds 3600 --emergency-check-interval-seconds 10 --emergency-max-android-thermal-status 3 --output-dir C:\Users\rhoyo\AndroidStudioProjects\D1Check_v4\results\S26_M2_npu_C1_1002 --dry-run
    "note": "dry-run does not query thermalservice or wait"
  },
  "cooling": {
    "policy": "stable",
    "post_load_idle_seconds": 0.0,
    "minimum_seconds": 0.0,
    "timeout_seconds": 3600.0,
    "runner_force_stop_before_interval": true
  },
  "performs_adb_calls": false,
  "writes_manifest": false
}
--- [06_m2_H1] exit=0
CMD: py tools\d1_experiment_orchestrator.py --serial <IP:PORT> --npu-chain tools\chains\m2_heated_gpu_to_npu_v1.json --duration 660 --npu-max-inference-spans 400000 --runner-timeout-seconds 1200 --logger-exit-timeout-seconds 1800 --logger-keep-files-open --analyze-timeout-seconds 600 --cooling-min-seconds 450 --mode pilot --resources NPU --warmup 20 --repeat 1 --seed 20261002 --accuracy-preflight off --start-policy stable --cooling-policy stable --stability-timeout-seconds 1800 --cooling-timeout-seconds 3600 --emergency-check-interval-seconds 10 --emergency-max-android-thermal-status 3 --output-dir C:\Users\rhoyo\AndroidStudioProjects\D1Check_v4\results\S26_M2_npu_H1_1002 --dry-run
    "note": "dry-run does not query thermalservice or wait"
  },
  "cooling": {
    "policy": "stable",
    "post_load_idle_seconds": 0.0,
    "minimum_seconds": 450.0,
    "timeout_seconds": 3600.0,
    "runner_force_stop_before_interval": true
  },
  "performs_adb_calls": false,
  "writes_manifest": false
}
--- [06_m2_H2] exit=0
CMD: py tools\d1_experiment_orchestrator.py --serial <IP:PORT> --npu-chain tools\chains\m2_heated_gpu_to_npu_v1.json --duration 660 --npu-max-inference-spans 400000 --runner-timeout-seconds 1200 --logger-exit-timeout-seconds 1800 --logger-keep-files-open --analyze-timeout-seconds 600 --cooling-min-seconds 450 --mode pilot --resources NPU --warmup 20 --repeat 1 --seed 20261002 --accuracy-preflight off --start-policy stable --cooling-policy stable --stability-timeout-seconds 1800 --cooling-timeout-seconds 3600 --emergency-check-interval-seconds 10 --emergency-max-android-thermal-status 3 --output-dir C:\Users\rhoyo\AndroidStudioProjects\D1Check_v4\results\S26_M2_npu_H2_1002 --dry-run
    "note": "dry-run does not query thermalservice or wait"
  },
  "cooling": {
    "policy": "stable",
    "post_load_idle_seconds": 0.0,
    "minimum_seconds": 450.0,
    "timeout_seconds": 3600.0,
    "runner_force_stop_before_interval": true
  },
  "performs_adb_calls": false,
  "writes_manifest": false
}
--- [06_m2_C2] exit=0
CMD: py tools\d1_experiment_orchestrator.py --serial <IP:PORT> --npu-chain tools\chains\m2_control_gpu_to_npu_v1.json --duration 90 --npu-max-inference-spans 400000 --mode pilot --resources NPU --warmup 20 --repeat 1 --seed 20261002 --accuracy-preflight off --start-policy stable --cooling-policy stable --stability-timeout-seconds 1800 --cooling-timeout-seconds 3600 --emergency-check-interval-seconds 10 --emergency-max-android-thermal-status 3 --output-dir C:\Users\rhoyo\AndroidStudioProjects\D1Check_v4\results\S26_M2_npu_C2_1002 --dry-run
    "note": "dry-run does not query thermalservice or wait"
  },
  "cooling": {
    "policy": "stable",
    "post_load_idle_seconds": 0.0,
    "minimum_seconds": 0.0,
    "timeout_seconds": 3600.0,
    "runner_force_stop_before_interval": true
  },
  "performs_adb_calls": false,
  "writes_manifest": false
}
--- [06b_m2r_C1] exit=0
CMD: py tools\d1_experiment_orchestrator.py --serial <IP:PORT> --npu-chain tools\chains\m2r_control_npu_to_gpu_v1.json --duration 90 --npu-max-inference-spans 1500000 --mode pilot --resources NPU --warmup 20 --repeat 1 --seed 20261002 --accuracy-preflight off --start-policy stable --cooling-policy stable --stability-timeout-seconds 1800 --cooling-timeout-seconds 3600 --emergency-check-interval-seconds 10 --emergency-max-android-thermal-status 3 --output-dir C:\Users\rhoyo\AndroidStudioProjects\D1Check_v4\results\S26_M2r_gpu_C1_1002 --dry-run
    "note": "dry-run does not query thermalservice or wait"
  },
  "cooling": {
    "policy": "stable",
    "post_load_idle_seconds": 0.0,
    "minimum_seconds": 0.0,
    "timeout_seconds": 3600.0,
    "runner_force_stop_before_interval": true
  },
  "performs_adb_calls": false,
  "writes_manifest": false
}
--- [06b_m2r_H1] exit=0
CMD: py tools\d1_experiment_orchestrator.py --serial <IP:PORT> --npu-chain tools\chains\m2r_heated_npu_to_gpu_v1.json --duration 660 --npu-max-inference-spans 1500000 --runner-timeout-seconds 1500 --logger-exit-timeout-seconds 1800 --logger-keep-files-open --analyze-timeout-seconds 600 --cooling-min-seconds 450 --mode pilot --resources NPU --warmup 20 --repeat 1 --seed 20261002 --accuracy-preflight off --start-policy stable --cooling-policy stable --stability-timeout-seconds 1800 --cooling-timeout-seconds 3600 --emergency-check-interval-seconds 10 --emergency-max-android-thermal-status 3 --output-dir C:\Users\rhoyo\AndroidStudioProjects\D1Check_v4\results\S26_M2r_gpu_H1_1002 --dry-run
    "note": "dry-run does not query thermalservice or wait"
  },
  "cooling": {
    "policy": "stable",
    "post_load_idle_seconds": 0.0,
    "minimum_seconds": 450.0,
    "timeout_seconds": 3600.0,
    "runner_force_stop_before_interval": true
  },
  "performs_adb_calls": false,
  "writes_manifest": false
}
--- [06b_m2r_H2] exit=0
CMD: py tools\d1_experiment_orchestrator.py --serial <IP:PORT> --npu-chain tools\chains\m2r_heated_npu_to_gpu_v1.json --duration 660 --npu-max-inference-spans 1500000 --runner-timeout-seconds 1500 --logger-exit-timeout-seconds 1800 --logger-keep-files-open --analyze-timeout-seconds 600 --cooling-min-seconds 450 --mode pilot --resources NPU --warmup 20 --repeat 1 --seed 20261002 --accuracy-preflight off --start-policy stable --cooling-policy stable --stability-timeout-seconds 1800 --cooling-timeout-seconds 3600 --emergency-check-interval-seconds 10 --emergency-max-android-thermal-status 3 --output-dir C:\Users\rhoyo\AndroidStudioProjects\D1Check_v4\results\S26_M2r_gpu_H2_1002 --dry-run
    "note": "dry-run does not query thermalservice or wait"
  },
  "cooling": {
    "policy": "stable",
    "post_load_idle_seconds": 0.0,
    "minimum_seconds": 450.0,
    "timeout_seconds": 3600.0,
    "runner_force_stop_before_interval": true
  },
  "performs_adb_calls": false,
  "writes_manifest": false
}
--- [06b_m2r_C2] exit=0
CMD: py tools\d1_experiment_orchestrator.py --serial <IP:PORT> --npu-chain tools\chains\m2r_control_npu_to_gpu_v1.json --duration 90 --npu-max-inference-spans 1500000 --mode pilot --resources NPU --warmup 20 --repeat 1 --seed 20261002 --accuracy-preflight off --start-policy stable --cooling-policy stable --stability-timeout-seconds 1800 --cooling-timeout-seconds 3600 --emergency-check-interval-seconds 10 --emergency-max-android-thermal-status 3 --output-dir C:\Users\rhoyo\AndroidStudioProjects\D1Check_v4\results\S26_M2r_gpu_C2_1002 --dry-run
    "note": "dry-run does not query thermalservice or wait"
  },
  "cooling": {
    "policy": "stable",
    "post_load_idle_seconds": 0.0,
    "minimum_seconds": 0.0,
    "timeout_seconds": 3600.0,
    "runner_force_stop_before_interval": true
  },
  "performs_adb_calls": false,
  "writes_manifest": false
}
--- [06b_m2r_C1_1M] exit=0
CMD: py tools\d1_experiment_orchestrator.py --serial <IP:PORT> --npu-chain tools\chains\m2r_control_npu_to_gpu_v1.json --duration 90 --npu-max-inference-spans 1000000 --mode pilot --resources NPU --warmup 20 --repeat 1 --seed 20261002 --accuracy-preflight off --start-policy stable --cooling-policy stable --stability-timeout-seconds 1800 --cooling-timeout-seconds 3600 --emergency-check-interval-seconds 10 --emergency-max-android-thermal-status 3 --output-dir C:\Users\rhoyo\AndroidStudioProjects\D1Check_v4\results\S26_M2r_gpu_C1_1002 --dry-run
    "note": "dry-run does not query thermalservice or wait"
  },
  "cooling": {
    "policy": "stable",
    "post_load_idle_seconds": 0.0,
    "minimum_seconds": 0.0,
    "timeout_seconds": 3600.0,
    "runner_force_stop_before_interval": true
  },
  "performs_adb_calls": false,
  "writes_manifest": false
}
--- [06b_m2r_H1_1M] exit=0
CMD: py tools\d1_experiment_orchestrator.py --serial <IP:PORT> --npu-chain tools\chains\m2r_heated_npu_to_gpu_v1.json --duration 660 --npu-max-inference-spans 1000000 --runner-timeout-seconds 1500 --logger-exit-timeout-seconds 1800 --logger-keep-files-open --analyze-timeout-seconds 600 --cooling-min-seconds 450 --mode pilot --resources NPU --warmup 20 --repeat 1 --seed 20261002 --accuracy-preflight off --start-policy stable --cooling-policy stable --stability-timeout-seconds 1800 --cooling-timeout-seconds 3600 --emergency-check-interval-seconds 10 --emergency-max-android-thermal-status 3 --output-dir C:\Users\rhoyo\AndroidStudioProjects\D1Check_v4\results\S26_M2r_gpu_H1_1002 --dry-run
    "note": "dry-run does not query thermalservice or wait"
  },
  "cooling": {
    "policy": "stable",
    "post_load_idle_seconds": 0.0,
    "minimum_seconds": 450.0,
    "timeout_seconds": 3600.0,
    "runner_force_stop_before_interval": true
  },
  "performs_adb_calls": false,
  "writes_manifest": false
}
--- [07_m1] exit=0
CMD: py tools\d1_experiment_orchestrator.py --serial <IP:PORT> --npu-chain tools\chains\m1_recovery_gpu_v1.json --duration 1560 --npu-max-inference-spans 400000 --runner-timeout-seconds 2700 --logger-exit-timeout-seconds 1800 --logger-keep-files-open --analyze-timeout-seconds 600 --cooling-min-seconds 600 --mode pilot --resources NPU --warmup 20 --repeat 1 --seed 20261002 --accuracy-preflight off --start-policy stable --cooling-policy stable --stability-timeout-seconds 1800 --cooling-timeout-seconds 3600 --emergency-check-interval-seconds 10 --emergency-max-android-thermal-status 3 --output-dir C:\Users\rhoyo\AndroidStudioProjects\D1Check_v4\results\S26_M1_gpu_1002 --dry-run
    "note": "dry-run does not query thermalservice or wait"
  },
  "cooling": {
    "policy": "stable",
    "post_load_idle_seconds": 0.0,
    "minimum_seconds": 600.0,
    "timeout_seconds": 3600.0,
    "runner_force_stop_before_interval": true
  },
  "performs_adb_calls": false,
  "writes_manifest": false
}
--- [09_effnet_cpu] exit=0
CMD: py tools\d1_experiment_orchestrator.py --serial <IP:PORT> --mode pilot --resources NPU --npu-accelerator CPU --npu-model-path /data/local/tmp/efficientnet_lite0.tflite --npu-model-sha256 6c7ab0a6e5dcbf38a8c33b960996a55a3b4300b36a018c4545801de3a3c8bde0 --npu-model-size 18582189 --npu-timed-input-spec lcg-rgb-127-128 --npu-run-only-span --accuracy-preflight off --duty-cycles 25 50 75 100 --duration 60 --warmup 20 --repeat 5 --seed 20260910 --start-policy stable --cooling-policy stable --stability-timeout-seconds 1800 --cooling-timeout-seconds 1800 --emergency-check-interval-seconds 10 --emergency-max-android-thermal-status 3 --output-dir C:\Users\rhoyo\AndroidStudioProjects\D1Check_v4\results\S26_EffNet_cpu_1002 --dry-run
    "note": "dry-run does not query thermalservice or wait"
  },
  "cooling": {
    "policy": "stable",
    "post_load_idle_seconds": 0.0,
    "minimum_seconds": 0.0,
    "timeout_seconds": 1800.0,
    "runner_force_stop_before_interval": true
  },
  "performs_adb_calls": false,
  "writes_manifest": false
}
--- [09_effnet_gpu] exit=0
CMD: py tools\d1_experiment_orchestrator.py --serial <IP:PORT> --mode pilot --resources NPU --npu-accelerator GPU --npu-gpu-precision FP32 --npu-model-path /data/local/tmp/efficientnet_lite0.tflite --npu-model-sha256 6c7ab0a6e5dcbf38a8c33b960996a55a3b4300b36a018c4545801de3a3c8bde0 --npu-model-size 18582189 --npu-timed-input-spec lcg-rgb-127-128 --npu-input-spec lcg-rgb-127-128 --npu-reference-path /data/local/tmp/efficientnet_lite0.tflite --npu-run-only-span --accuracy-preflight required --gpu-profile gpu-fp32-strict-v1 --duty-cycles 25 50 75 100 --duration 60 --warmup 20 --repeat 5 --seed 20260910 --start-policy stable --cooling-policy stable --stability-timeout-seconds 1800 --cooling-timeout-seconds 1800 --emergency-check-interval-seconds 10 --emergency-max-android-thermal-status 3 --output-dir C:\Users\rhoyo\AndroidStudioProjects\D1Check_v4\results\S26_EffNet_gpu_1002 --dry-run
    "note": "dry-run does not query thermalservice or wait"
  },
  "cooling": {
    "policy": "stable",
    "post_load_idle_seconds": 0.0,
    "minimum_seconds": 0.0,
    "timeout_seconds": 1800.0,
    "runner_force_stop_before_interval": true
  },
  "performs_adb_calls": false,
  "writes_manifest": false
}
--- [09_m2cpu_C1] exit=0
CMD: py tools\d1_experiment_orchestrator.py --serial <IP:PORT> --npu-chain tools\chains\m2_control_gpu_to_cpu_v1.json --duration 90 --npu-max-inference-spans 400000 --mode pilot --resources NPU --warmup 20 --repeat 1 --seed 20261002 --accuracy-preflight off --start-policy stable --cooling-policy stable --stability-timeout-seconds 1800 --cooling-timeout-seconds 3600 --emergency-check-interval-seconds 10 --emergency-max-android-thermal-status 3 --output-dir C:\Users\rhoyo\AndroidStudioProjects\D1Check_v4\results\S26_M2_cpu_C1_1002 --dry-run
    "note": "dry-run does not query thermalservice or wait"
  },
  "cooling": {
    "policy": "stable",
    "post_load_idle_seconds": 0.0,
    "minimum_seconds": 0.0,
    "timeout_seconds": 3600.0,
    "runner_force_stop_before_interval": true
  },
  "performs_adb_calls": false,
  "writes_manifest": false
}
--- [09_m2cpu_H1] exit=0
CMD: py tools\d1_experiment_orchestrator.py --serial <IP:PORT> --npu-chain tools\chains\m2_heated_gpu_to_cpu_v1.json --duration 660 --npu-max-inference-spans 400000 --runner-timeout-seconds 1200 --logger-exit-timeout-seconds 1800 --logger-keep-files-open --analyze-timeout-seconds 600 --cooling-min-seconds 450 --mode pilot --resources NPU --warmup 20 --repeat 1 --seed 20261002 --accuracy-preflight off --start-policy stable --cooling-policy stable --stability-timeout-seconds 1800 --cooling-timeout-seconds 3600 --emergency-check-interval-seconds 10 --emergency-max-android-thermal-status 3 --output-dir C:\Users\rhoyo\AndroidStudioProjects\D1Check_v4\results\S26_M2_cpu_H1_1002 --dry-run
    "note": "dry-run does not query thermalservice or wait"
  },
  "cooling": {
    "policy": "stable",
    "post_load_idle_seconds": 0.0,
    "minimum_seconds": 450.0,
    "timeout_seconds": 3600.0,
    "runner_force_stop_before_interval": true
  },
  "performs_adb_calls": false,
  "writes_manifest": false
}
=== done 2026-10-03 00:07:24 +09:00
