09-24 04:14:34.188 23011 23011 I Zygote  : Process 23011 created for com.example.d1check.npurunner
09-24 04:14:34.188 23011 23011 I check.npurunner: Late-enabling -Xcheck:jni
09-24 04:14:34.202 23011 23011 I check.npurunner: Using generational CollectorTypeCMC GC.
09-24 04:14:34.207 23011 23011 D nativeloader: Load libframework-connectivity-tiramisu-jni.so using APEX ns com_android_tethering for caller /apex/com.android.tethering/javalib/framework-connectivity-t.jar: ok
09-24 04:14:34.208 23011 23011 D ActivityThread: setConscryptValidator
09-24 04:14:34.208 23011 23011 D ActivityThread: setConscryptValidator - put
09-24 04:14:34.256 23011 23011 D nativeloader: Configuring clns-9 for other apk /data/app/~~PP8HcCqXLclMyGac-JvheQ==/com.example.d1check.npurunner-ntlc6ZaW2wzEqFJWud3uYQ==/base.apk. target_sdk_version=37, uses_libraries=libOpenCL.so, library_path=/data/app/~~PP8HcCqXLclMyGac-JvheQ==/com.example.d1check.npurunner-ntlc6ZaW2wzEqFJWud3uYQ==/lib/arm64:/data/app/~~PP8HcCqXLclMyGac-JvheQ==/com.example.d1check.npurunner-ntlc6ZaW2wzEqFJWud3uYQ==/base.apk!/lib/arm64-v8a, permitted_path=/data:/mnt/expand:/data/user/0/com.example.d1check.npurunner
09-24 04:14:34.260 23011 23011 V GraphicsEnvironment: Currently set values for:
09-24 04:14:34.260 23011 23011 V GraphicsEnvironment:   angle_gl_driver_selection_pkgs=[]
09-24 04:14:34.260 23011 23011 V GraphicsEnvironment:   angle_gl_driver_selection_values=[]
09-24 04:14:34.260 23011 23011 V GraphicsEnvironment: com.example.d1check.npurunner is not listed in per-application setting
09-24 04:14:34.260 23011 23011 V GraphicsEnvironment: ANGLE allowlist from config: com.dreamgames.royalmatch com.dts.freefiremax com.dxx.firenow com.gramgames.mergedragons com.ludo.king com.mojang.minecraftpe com.my.defense com.nintendo.zaka com.os.airforce com.playrix.fishdomdd.gplay io.teslatech.callbreak jp.konami.prospia net.peakgames.toonblast
09-24 04:14:34.260 23011 23011 V GraphicsEnvironment: No special selections for ANGLE, returning default driver choice
09-24 04:14:34.260 23011 23011 V GraphicsEnvironment: App is not on the allowlist for updatable production driver.
09-24 04:14:34.278 23011 23011 D WM-WrkMgrInitializer: Initializing WorkManager with default configuration.
09-24 04:14:34.284 23011 23011 D WM-PackageManagerHelper: Skipping component enablement for androidx.work.impl.background.systemjob.SystemJobService
09-24 04:14:34.284 23011 23011 D WM-Schedulers: Created SystemJobScheduler and enabled SystemJobService
09-24 04:14:34.289 23011 23011 D ActivityThread: com.example.d1check.npurunner will use render engine as VK
09-24 04:14:34.289 23011 23011 D HWUI    : HWUI - treat SMPTE_170M as sRGB
09-24 04:14:34.290 23011 23068 E ashmem  : Pinning is deprecated since Android Q. Please use trim or other methods.
09-24 04:14:34.290 23011 23070 I DisplayManager: Choreographer implicitly registered for the refresh rate.
09-24 04:14:34.290 23011 23070 D HWUI    : CacheManager constructor. deviceInfo=(1080, 1920)
09-24 04:14:34.291 23011 23070 D vulkan  : searching for layers in '/data/app/~~PP8HcCqXLclMyGac-JvheQ==/com.example.d1check.npurunner-ntlc6ZaW2wzEqFJWud3uYQ==/lib/arm64'
09-24 04:14:34.291 23011 23070 D vulkan  : searching for layers in '/data/app/~~PP8HcCqXLclMyGac-JvheQ==/com.example.d1check.npurunner-ntlc6ZaW2wzEqFJWud3uYQ==/base.apk!/lib/arm64-v8a'
09-24 04:14:34.291 23011 23070 V XGL     : ----------------------------------------------------------------------
09-24 04:14:34.291 23011 23070 V XGL     : SUMD version compiled date     = 2026-02-11 13:00 - KST
09-24 04:14:34.291 23011 23070 V XGL     : SUMD version revision number   = ee686460f4
09-24 04:14:34.291 23011 23070 V XGL     : SUMD version info              = Driver version: 25.2.39, git hash: ee686460f4
09-24 04:14:34.291 23011 23070 V XGL     : SUMD PAL backend               = SPAL
09-24 04:14:34.291 23011 23070 V XGL     : ----------------------------------------------------------------------
09-24 04:14:34.291 23011 23070 V XGL     : Entering: Create
09-24 04:14:34.294 23011 23070 V XGL     : TearDownDevices at Platform 0xb400007cdd40ecf8, Devices ()
09-24 04:14:34.295 23011 23070 V XGL     : Init at Platform 0xb400007cdd40ecf8
09-24 04:14:34.295 23011 23070 V XGL     : Exiting: Create
09-24 04:14:34.298 23011 23011 D ScrollView: initGoToTop
09-24 04:14:34.300 23011 23011 D DesktopExperienceFlags: Toggle override initialized to: false
09-24 04:14:34.300 23011 23011 D DesktopModeFlags: Toggle override initialized to: OVERRIDE_UNSET
09-24 04:14:34.306 23011 23011 I DecorView: setWindowBackground: isPopOver=false color=fffeeae0 d=android.graphics.drawable.ColorDrawable@395f88
09-24 04:14:34.308 23011 23011 I D1NPU   : D1 NPU Runner
09-24 04:14:34.308 23011 23011 I D1NPU   : accelerator=NPU dtype=float iterations=1 warmup=0 model=models/mobilenet_v1_1.0_224_Samsung_E9965.tflite run_id=diag_NPU_2026-09-24414_3202
09-24 04:14:34.308 23011 23011 I D1NPU   : 
09-24 04:14:34.308 23011 23011 I D1NPU   : running...
09-24 04:14:34.309 23011 23076 I D1NPU   : creating Environment / CompiledModel...
09-24 04:14:34.314 23011 23011 D ViewRootImpl: desktopMode is false
09-24 04:14:34.315 23011 23011 I ViewRootImpl: dVRR is enabled
09-24 04:14:34.315 23011 23011 D HardwareRenderer: onDisplayChanged. displayId=0 current wxh=1080x2340 mLargest wxh=0x0
09-24 04:14:34.315 23011 23076 D nativeloader: Load /data/app/~~PP8HcCqXLclMyGac-JvheQ==/com.example.d1check.npurunner-ntlc6ZaW2wzEqFJWud3uYQ==/base.apk!/lib/arm64-v8a/liblitert_jni.so using class loader ns clns-9 (caller=/data/app/~~PP8HcCqXLclMyGac-JvheQ==/com.example.d1check.npurunner-ntlc6ZaW2wzEqFJWud3uYQ==/base.apk): ok
09-24 04:14:34.315 23011 23011 D HardwareRenderer: Set largestWidth and largestHeight as logical resolution. (1080x2340)
09-24 04:14:34.315 23011 23070 D HWUI    : setMaxSurfaceArea requested wxh=(1080,2340) requestedSurfaceArea(2527200) mMaxSurfaceArea(2073600)
09-24 04:14:34.316 23011 23070 D NativeCustomFrequencyManager: [NativeCFMS] BpCustomFrequencyManager::BpCustomFrequencyManager()
09-24 04:14:34.318 23011 23011 D InputTransport: Input channel constructed: '63f2db7', fd=122
09-24 04:14:34.318 23011 23011 I InsetsController: onStateChanged: host=com.example.d1check.npurunner/com.example.d1check.npurunner.NpuRunnerActivity, from=android.view.ViewRootImpl.onInsetsStateChanged:3055, state=InsetsState: {mDisplayFrame=Rect(0, 0 - 1080, 2340), mDisplayCutout=DisplayCutout{insets=Rect(0, 111 - 0, 0) waterfall=Insets{left=0, top=0, right=0, bottom=0} boundingRect={Bounds=[Rect(0, 0 - 0, 0), Rect(508, 0 - 572, 111), Rect(0, 0 - 0, 0), Rect(0, 0 - 0, 0)]} cutoutPathParserInfo={CutoutPathParserInfo{displayWidth=1080 displayHeight=2340 physicalDisplayWidth=1080 physicalDisplayHeight=2340 density={3.0} cutoutSpec={M 0,0 H -10.66666666666667 V 37 H 10.66666666666667 V 0 H 0 Z @dp} rotation={0} scale={1.0} physicalPixelDisplaySizeRatio={1.0}}} sideOverrides={}}, mRoundedCorners=RoundedCorners{[RoundedCorner{position=TopLeft, radius=84, center=Point(84, 84)}, RoundedCorner{position=TopRight, radius=84, center=Point(996, 84)}, RoundedCorner{position=BottomRight, radius=84, center=Point(996, 2256)}, RoundedCorner{position=BottomLeft, radius=84, center=Point(84, 2256)}]}  mRoundedCornerFrame=Rect(0, 0 - 1080, 2340), mPrivacyIndicatorBounds=PrivacyIndicatorBounds {static bounds=Rect(948, 0 - 1080, 111) rotation=0}, mDisplayShape=DisplayShape{ spec=-311912193 displayWidth=1080 displayHeight=2340 physicalPixelDisplaySizeRatio=1.0 rotation=0 offsetX=0 offsetY=0 scale=1.0}, mSources= { InsetsSource: {c31f0001 mType=navigationBars mFrame=[0,2196][1080,2340] mAttachedInsets=null mVisible=true mFlags= mSideHint=BOTTOM mBoundingRects=null}, InsetsSource: {c31f0004 mType=systemGestures mFrame=[0,0][0,0] mAttachedInsets=null mVisible=true mFlags= mSideHint=NONE mBoundingRects=null}, InsetsSource: {c31f0005 mType=mandatorySystemGestures mFrame=[0,2196][1080,2340] mAttachedInsets=null mVisible=true mFlags= mSideHint=BOTTOM mBoundingRects=null}, InsetsSource: {c31f0006 mType=tappableElement mFrame=[0,2196][1080,2340] mAttachedInsets=null mVisible=true mFlags= mSideHint=BOTTOM mBoundingRects=null}, InsetsSource: {c31f0024 mType=systemGestures mFrame=[0,0][0,0] mAttachedInsets=null mVisible=true mFlags= mSideHint=NONE mBoundingRects=null}, InsetsSource: {3 mType=ime mFrame=[0,0][0,0] mAttachedInsets=null mVisible=false mFlags=INVALID mSideHint=NONE mBoundingRects=null}, InsetsSource: {27 mType=displayCutout mFrame=[0,0][1080,111] mAttachedInsets=null mVisible=true mFlags= mSideHint=TOP mBoundingRects=null}, InsetsSource: {61600000 mType=statusBars mFrame=[0,0][1080,111] mAttachedInsets=null mVisible=true mFlags= mSideHint=TOP mBoundingRects=null}, InsetsSource: {61600005 mType=mandatorySystemGestures mFrame=[0,0][1080,147] mAttachedInsets=null mVisible=true mFlags= mSideHint=TOP mBoundingRects=null}, InsetsSource: {61600006 mType=tappableElement mFrame=[0,0][1080,111] mAttachedInsets=null mVisible=true mFlags= mSideHint=TOP mBoundingRects=null} }
09-24 04:14:34.319 23011 23011 I VRI[NpuRunnerActivity]@25b28d0: synced displayState. AttachInfo displayState=2
09-24 04:14:34.319 23011 23011 I VRI[NpuRunnerActivity]@25b28d0: setView = com.android.internal.policy.DecorView@35faea6 IsHRR=false mFlingFrameRateChange=0 TM=true
09-24 04:14:34.320 23011 23011 I IDS_TAG : Starting IDS observe window
09-24 04:14:34.320 23011 23011 I IDS_TAG : Getting Shared Preference for android.app.Application@5059a41 uid = 10507
09-24 04:14:34.321 23011 23011 I IDS_TAG : App android.app.Application@5059a41 has not finished training
09-24 04:14:34.323 23011 23076 I litert  : [litert_runtime_builtin.cc:63] Loaded runtime library and found kLiteRtRuntimeBuiltin.
09-24 04:14:34.323 23011 23070 D HWUI    : HWUI - treat SMPTE_170M as sRGB
09-24 04:14:34.323 23011 23011 I IDS_TAG : Closing IDS observe window
09-24 04:14:34.323 23011 23011 I IDS_TAG : Getting Shared Preference for android.app.Application@5059a41 uid = 10507
09-24 04:14:34.323 23011 23076 I litert  : [environment.cc:36] Creating LiteRT environment with options
09-24 04:14:34.323 23011 23011 I IDS_TAG : IDS count updated to 2 for android.app.Application@5059a41
09-24 04:14:34.323 23011 23076 I litert  : [accelerator_registry.cc:54] RegisterAccelerator: ptr=0xb400007e1d4298b0, name=NpuAccelerator
09-24 04:14:34.324 23011 23076 I litert  : [npu_registry.cc:30] NPU accelerator registered.
09-24 04:14:34.324 23011 23076 I litert  : [gpu_registry.cc:101] Attempting to load GPU accelerator(libLiteRtGpuAccelerator.so).
09-24 04:14:34.324 23011 23011 D WindowOnBackDispatcher: setTopOnBackInvokedCallback (unwrapped): android.app.Activity$$ExternalSyntheticLambda0@f76f518
09-24 04:14:34.324 23011 23076 I litert  : [gpu_registry.cc:101] Attempting to load GPU accelerator(libLiteRtClGlAccelerator.so).
09-24 04:14:34.324 23011 23011 D VRI[NpuRunnerActivity]@25b28d0: WindowInsets changed: 1080x2340 statusBars:[0,111,0,0] navigationBars:[0,0,0,144] mandatorySystemGestures:[0,147,0,144] 
09-24 04:14:34.325 23011 23076 I litert  : [accelerator_registry.cc:54] RegisterAccelerator: ptr=0xb400007e1d429670, name=LiteRT GPU
09-24 04:14:34.325 23011 23076 I litert  : [gpu_registry.cc:109] Dynamically loaded GPU accelerator(libLiteRtClGlAccelerator.so) registered.
09-24 04:14:34.325 23011 23076 I litert  : [accelerator_registry.cc:54] RegisterAccelerator: ptr=0xb400007e1d429790, name=CpuAccelerator
09-24 04:14:34.325 23011 23076 I litert  : [cpu_registry.cc:75] XNNPACK CPU accelerator registered.
09-24 04:14:34.325 23011 23011 I HWUI    : Using FreeType backend (prop=Auto)
09-24 04:14:34.330 23011 23011 D NativeCustomFrequencyManager: [NativeCFMS] BpCustomFrequencyManager::BpCustomFrequencyManager()
09-24 04:14:34.330 23011 23011 I BLASTBufferQueue_Java: new BLASTBufferQueue, mName= VRI[NpuRunnerActivity]@25b28d0 mNativeObject= 0xb400007d9d42b000 caller= android.view.ViewRootImpl.updateBlastSurfaceIfNeeded:3628 android.view.ViewRootImpl.relayoutWindow:11834 android.view.ViewRootImpl.performTraversals:4864 android.view.ViewRootImpl.doTraversal:3984 android.view.ViewRootImpl$TraversalRunnable.run:13055 android.view.Choreographer$CallbackRecord.run:1961 android.view.Choreographer$CallbackRecord.run:1970 android.view.Choreographer.doCallbacks:1423 android.view.Choreographer.doFrame:1348 android.view.Choreographer$FrameDisplayEventReceiver.run:1930 
09-24 04:14:34.330 23011 23011 I BLASTBufferQueue_Java: update, w= 1080 h= 2340 mName = VRI[NpuRunnerActivity]@25b28d0 mNativeObject= 0xb400007d9d42b000 sc.mNativeObject= 0xb400007d2d416090 format= -1 caller= android.view.ViewRootImpl.updateBlastSurfaceIfNeeded:3633 android.view.ViewRootImpl.relayoutWindow:11834 android.view.ViewRootImpl.performTraversals:4864 android.view.ViewRootImpl.doTraversal:3984 android.view.ViewRootImpl$TraversalRunnable.run:13055 android.view.Choreographer$CallbackRecord.run:1961 
09-24 04:14:34.331 23011 23011 D NativeCustomFrequencyManager: [NativeCFMS] BpCustomFrequencyManager::BpCustomFrequencyManager()
09-24 04:14:34.331 23011 23011 I VRI[NpuRunnerActivity]@25b28d0: Relayout returned: old=(0,0,1080,2340) new=(0,0,1080,2340) relayoutAsync=false req=(1080,2340)0 dur=2 res=0x3 s={true 0xb400007dad429310} ch=true seqId=0
09-24 04:14:34.331 23011 23011 I VRI[NpuRunnerActivity]@25b28d0: performConfigurationChange setNightDimText nightDimLevel=0
09-24 04:14:34.332 23011 23011 D VRI[NpuRunnerActivity]@25b28d0: mThreadedRenderer.initialize() mSurface={isValid=true 0xb400007dad429310} hwInitialized=true
09-24 04:14:34.332 23011 23011 D ScrollView:  onsize change changed 
09-24 04:14:34.332 23011 23011 D VRI[NpuRunnerActivity]@25b28d0: reportNextDraw android.view.ViewRootImpl.performTraversals:5528 android.view.ViewRootImpl.doTraversal:3984 android.view.ViewRootImpl$TraversalRunnable.run:13055 android.view.Choreographer$CallbackRecord.run:1961 android.view.Choreographer$CallbackRecord.run:1970 
09-24 04:14:34.333 23011 23011 D VRI[NpuRunnerActivity]@25b28d0: Setup new sync=wmsSync-VRI[NpuRunnerActivity]@25b28d0#0
09-24 04:14:34.333 23011 23011 I VRI[NpuRunnerActivity]@25b28d0: Creating new active sync group VRI[NpuRunnerActivity]@25b28d0#1
09-24 04:14:34.333 23011 23011 D VRI[NpuRunnerActivity]@25b28d0: registerCallbacksForSync syncBuffer=false
09-24 04:14:34.334 23011 23076 W litert  : [compiled_model.cc:819] Compiler plugin path is provided in the environment, but the model is pre-compiled. Plugins won't be applied.
09-24 04:14:34.334 23011 23076 I litert  : [compiled_model.cc:833] Flatbuffer model initialized directly from incoming litert model.
09-24 04:14:34.335 23011 23080 D VRI[NpuRunnerActivity]@25b28d0: Received frameDrawingCallback syncResult=0 frameNum=1.
09-24 04:14:34.335 23011 23080 I VRI[NpuRunnerActivity]@25b28d0: mWNT: t=0xb400007e6d431aa0 mBlastBufferQueue=0xb400007d9d42b000 fn= 1 HdrRenderState mRenderHdrSdrRatio=1.0 caller= android.view.ViewRootImpl$12.onFrameDraw:15582 android.view.ThreadedRenderer$1.onFrameDraw:751 <bottom of call stack> 
09-24 04:14:34.335 23011 23080 I VRI[NpuRunnerActivity]@25b28d0: Setting up sync and frameCommitCallback
09-24 04:14:34.337 23011 23070 I XGL     : vkCreatePipelineCache, handle: 0xb400007ced561300, useInitialData: 1, cacheSize: 4087, cacheEntryCount: 9
09-24 04:14:34.338 23011 23070 I BLASTBufferQueue: [VRI[NpuRunnerActivity]@25b28d0#0](f:0,a:0,s:0) onFrameAvailable the first frame is available
09-24 04:14:34.339 23011 23070 I VRI[NpuRunnerActivity]@25b28d0: Received frameCommittedCallback lastAttemptedDrawFrameNum=1 didProduceBuffer=true
09-24 04:14:34.339 23011 23070 D HWUI    : CFMS:: SetUp Pid : 23011    Tid : 23070
09-24 04:14:34.339 23011 23011 D VRI[NpuRunnerActivity]@25b28d0: reportDrawFinished seqId=0
09-24 04:14:34.339 23011 23011 D VRI[NpuRunnerActivity]@25b28d0: call clearFrameRate
09-24 04:14:34.339 23011 23011 I VRI[NpuRunnerActivity]@25b28d0: call setFrameRateCategory category=high, reason=boost, vri=VRI[NpuRunnerActivity]@25b28d0
09-24 04:14:34.341 23011 23076 I tflite  : Initialized TensorFlow Lite runtime.
09-24 04:14:34.341 23011 23076 E litert  : [litert_dispatch.cc:122] No dispatch library found in /data/app/~~PP8HcCqXLclMyGac-JvheQ==/com.example.d1check.npurunner-ntlc6ZaW2wzEqFJWud3uYQ==/lib/arm64
09-24 04:14:34.341 23011 23076 E litert  : [dispatch_delegate.cc:116] Failed to initialize Dispatch API: ERROR: [third_party/odml/litert/litert/runtime/dispatch/dispatch_delegate.cc:176]
09-24 04:14:34.341 23011 23076 I tflite  : Replacing 1 out of 1 node(s) with delegate (DispatchDelegate) node, yielding 1 partitions for subgraph 0 ().
09-24 04:14:34.341 23011 23076 E litert  : [dispatch_delegate.cc:131] Failed to create a dispatch delegate kernel: No usable Dispatch runtime found
09-24 04:14:34.342 23011 23076 W libc    : Access denied finding property "ro.mediatek.platform"
09-24 04:14:34.343 23011 23076 I tflite  : Created TensorFlow Lite XNNPACK delegate for CPU.
09-24 04:14:34.344 23011 23076 I D1NPU   : init OK
09-24 04:14:34.344 23011 23076 I D1NPU   :   available = [NPU,GPU,CPU]
09-24 04:14:34.344 23011 23076 I D1NPU   :   env    15.507 ms
09-24 04:14:34.344 23011 23076 I D1NPU   :   model  18.658 ms   <- idle->NPU switch cost
09-24 04:14:34.344 23011 23076 I D1NPU   :   buffer 0.692 ms
09-24 04:14:34.356 23011 23011 I InsetsSourceConsumer: applyRequestedVisibilityToControl: visible=true, type=statusBars, host=com.example.d1check.npurunner/com.example.d1check.npurunner.NpuRunnerActivity
09-24 04:14:34.356 23011 23011 I InsetsSourceConsumer: applyRequestedVisibilityToControl: visible=true, type=navigationBars, host=com.example.d1check.npurunner/com.example.d1check.npurunner.NpuRunnerActivity
09-24 04:14:34.366 23011 23011 D VRI[NpuRunnerActivity]@25b28d0: mThreadedRenderer.initializeIfNeeded()#2 mSurface={isValid=true 0xb400007dad429310}
09-24 04:14:34.366 23011 23011 D InputMethodManagerUtils: startInputInner - Id : 0
09-24 04:14:34.366 23011 23011 I InputMethodManager: startInputInner - IInputMethodManagerGlobalInvoker.startInputOrWindowGainedFocus
09-24 04:14:34.368 23011 23011 D InsetsController: hide(ime())
09-24 04:14:34.368 23011 23011 I ImeTracker: com.example.d1check.npurunner:72e69ffc: onCancelled at PHASE_CLIENT_ALREADY_HIDDEN
09-24 04:14:34.368 23011 23096 D InputTransport: Input channel constructed: 'ClientS', fd=146
09-24 04:14:34.558 23011 23076 E tflite  : Node number 1 (DELEGATE) failed to prepare.
09-24 04:14:34.559 23011 23076 E litert  : [litert_compiled_model.cc:164] Failed to allocate tensors
09-24 04:14:34.559 23011 23076 E litert  : [litert_compiled_model_jni.cc:1056] Failed to run model: Failed to invoke the compiled model
09-24 04:14:34.560 23011 23076 E D1NPU   : run failed
09-24 04:14:34.560 23011 23076 E D1NPU   : com.google.ai.edge.litert.LiteRtException: Failed to invoke the compiled model
09-24 04:14:34.560 23011 23076 E D1NPU   : 	at com.google.ai.edge.litert.CompiledModel.nativeRun(Native Method)
09-24 04:14:34.560 23011 23076 E D1NPU   : 	at com.google.ai.edge.litert.CompiledModel.access$nativeRun(Model.kt:56)
09-24 04:14:34.560 23011 23076 E D1NPU   : 	at com.google.ai.edge.litert.CompiledModel$Companion.nativeRun(Model.kt:0)
09-24 04:14:34.560 23011 23076 E D1NPU   : 	at com.google.ai.edge.litert.CompiledModel$Companion.access$nativeRun(Model.kt:501)
09-24 04:14:34.560 23011 23076 E D1NPU   : 	at com.google.ai.edge.litert.CompiledModel.run(Model.kt:444)
09-24 04:14:34.560 23011 23076 E D1NPU   : 	at com.google.ai.edge.litert.CompiledModel.run$default(Model.kt:441)
09-24 04:14:34.560 23011 23076 E D1NPU   : 	at com.example.d1check.npurunner.NpuBenchmarkEngine.runFloat(NpuBenchmarkEngine.kt:106)
09-24 04:14:34.560 23011 23076 E D1NPU   : 	at com.example.d1check.npurunner.NpuRunnerActivity.runAll(NpuRunnerActivity.kt:175)
09-24 04:14:34.560 23011 23076 E D1NPU   : 	at com.example.d1check.npurunner.NpuRunnerActivity.onCreate$lambda$3(NpuRunnerActivity.kt:54)
09-24 04:14:34.560 23011 23076 E D1NPU   : 	at com.example.d1check.npurunner.NpuRunnerActivity$$ExternalSyntheticLambda3.run(D8$$SyntheticClass:0)
09-24 04:14:34.560 23011 23076 E D1NPU   : 	at android.os.Handler.handleCallback(Handler.java:1070)
09-24 04:14:34.560 23011 23076 E D1NPU   : 	at android.os.Handler.dispatchMessage(Handler.java:125)
09-24 04:14:34.560 23011 23076 E D1NPU   : 	at android.os.Looper.dispatchMessage(Looper.java:358)
09-24 04:14:34.560 23011 23076 E D1NPU   : 	at android.os.Looper.loopOnce(Looper.java:288)
09-24 04:14:34.560 23011 23076 E D1NPU   : 	at android.os.Looper.loop(Looper.java:392)
09-24 04:14:34.560 23011 23076 E D1NPU   : 	at android.os.HandlerThread.run(HandlerThread.java:139)
09-24 04:14:34.560 23011 23076 I D1NPU   : === FAILED ===
09-24 04:14:34.560 23011 23076 I D1NPU   : com.google.ai.edge.litert.LiteRtException: Failed to invoke the compiled model
09-24 04:14:34.560 23011 23076 I D1NPU   : 
09-24 04:14:34.560 23011 23076 I D1NPU   : com.google.ai.edge.litert.LiteRtException: Failed to invoke the compiled model
09-24 04:14:34.560 23011 23076 I D1NPU   : 	at com.google.ai.edge.litert.CompiledModel.nativeRun(Native Method)
09-24 04:14:34.560 23011 23076 I D1NPU   : 	at com.google.ai.edge.litert.CompiledModel.access$nativeRun(Model.kt:56)
09-24 04:14:34.560 23011 23076 I D1NPU   : 	at com.google.ai.edge.litert.CompiledModel$Companion.nativeRun(Model.kt:0)
09-24 04:14:34.560 23011 23076 I D1NPU   : 	at com.google.ai.edge.litert.CompiledModel$Companion.access$nativeRun(Model.kt:501)
09-24 04:14:34.560 23011 23076 I D1NPU   : 	at com.google.ai.edge.litert.CompiledModel.run(Model.kt:444)
09-24 04:14:34.560 23011 23076 I D1NPU   : 	at com.google.ai.edge.litert.CompiledModel.run$default(Model.kt:441)
09-24 04:14:34.560 23011 23076 I D1NPU   : 	at com.example.d1check.npurunner.NpuBenchmarkEngine.runFloat(NpuBenchmarkEngine.kt:106)
09-24 04:14:34.560 23011 23076 I D1NPU   : 	at com.example.d1check.npurunner.NpuRunnerActivity.runAll(NpuRunnerActivity.kt:175)
09-24 04:14:34.560 23011 23076 I D1NPU   : 	at com.example.d1check.npurunner.NpuRunnerActivity.onCreate$lambda$3(NpuRunnerActivity.kt:54)
09-24 04:14:34.560 23011 23076 I D1NPU   : 	at com.example.d1check.npurunner.NpuRunnerActivity$$ExternalSyntheticLambda3.run(D8$$SyntheticClass:0)
09-24 04:14:34.560 23011 23076 I D1NPU   : 	at android.os.Handler.handleCallback(Handler.java:1070)
09-24 04:14:34.560 23011 23076 I D1NPU   : 	at android.os.Handler.dispatchMessage(Handler.java:125)
09-24 04:14:34.560 23011 23076 I D1NPU   : 	at android.os.Looper.dispatchMessage(Looper.java:358)
09-24 04:14:34.560 23011 23076 I D1NPU   : 	at android.os.Looper.loopOnce(Looper.java:288)
09-24 04:14:34.560 23011 23076 I D1NPU   : 	at android.os.Looper.loop(Looper.java:392)
09-24 04:14:34.560 23011 23076 I D1NPU   : 	at android.os.HandlerThread.run(HandlerThread.java:139)
09-24 04:14:34.563 23011 23076 I litert  : [accelerator_registry.cc:43] DestroyAccelerator: ptr=0xb400007e1d429790, name=CpuAccelerator
09-24 04:14:34.563 23011 23076 I litert  : [accelerator_registry.cc:43] DestroyAccelerator: ptr=0xb400007e1d429670, name=LiteRT GPU
09-24 04:14:34.563 23011 23076 I litert  : [accelerator_registry.cc:43] DestroyAccelerator: ptr=0xb400007e1d4298b0, name=NpuAccelerator
09-24 04:14:34.564 23011 23076 I D1NPU   : SUMMARY_BEGIN chunks=1 bytes=2097
09-24 04:14:34.564 23011 23076 I D1NPU   : SUMMARY[0/1] {"schema":"npu-runner-smoke-v1","run_id":"diag_NPU_2026-09-24414_3202","engine":"litert-compiled-model","accelerator_requested":"NPU","model":"models/mobilenet_v1_1.0_224_Samsung_E9965.tflite","dtype":"float","input_generator":"lcg-float32-unit-v1","input_normalization":"synthetic_[0,1]_float32_no_additional_normalization","iterations":1,"warmup":0,"device_model":"SM-S942N","android_sdk":36,"build_fingerprint":"samsung/m1sksx/m1s:16/BP4A.251205.006/S942NKSS4AZHA_OKR4AZHA:user/release-keys","available_accelerators":"NPU,GPU,CPU","env_init_ms":15.507,"model_init_ms":18.658,"buffer_init_ms":0.692,"input_buffers":1,"output_buffers":1,"input_sha256":"5dc1cb09d712429fa580bdb7976c01d3933956d77002a8c8ab3c82c40f3899f3","status":"FAILED","error_class":"com.google.ai.edge.litert.LiteRtException","error":"Failed to invoke the compiled model","stacktrace":"com.google.ai.edge.litert.LiteRtException: Failed to invoke the compiled model\n\tat com.google.ai.edge.litert.CompiledModel.nativeRun(Native Method)\n\tat com.google.ai.edge.litert.CompiledModel.access$nativeRun(Model.kt:56)\n\tat com.google.ai.edge.litert.CompiledModel$Companion.nativeRun(Model.kt:0)\n\tat com.google.ai.edge.litert.CompiledModel$Companion.access$nativeRun(Model.kt:501)\n\tat com.google.ai.edge.litert.CompiledModel.run(Model.kt:444)\n\tat com.google.ai.edge.litert.CompiledModel.run$default(Model.kt:441)\n\tat com.example.d1check.npurunner.NpuBenchmarkEngine.runFloat(NpuBenchmarkEngine.kt:106)\n\tat com.example.d1check.npurunner.NpuRunnerActivity.runAll(NpuRunnerActivity.kt:175)\n\tat com.example.d1check.npurunner.NpuRunnerActivity.onCreate$lambda$3(NpuRunnerActivity.kt:54)\n\tat com.example.d1check.npurunner.NpuRunnerActivity$$ExternalSyntheticLambda3.run(D8$$SyntheticClass:0)\n\tat android.os.Handler.handleCallback(Handler.java:1070)\n\tat android.os.Handler.dispatchMessage(Handler.java:125)\n\tat android.os.Looper.dispatchMessage(Looper.java:358)\n\tat android.os.Looper.loopOnce(Looper.java:288)\n\tat android.os.Looper.loop(Looper.java:392)\n\tat android.os.HandlerThread.run(HandlerThread.java:139)\n"}
09-24 04:14:34.564 23011 23076 I D1NPU   : SUMMARY_END
09-24 04:14:34.582 23011 23056 I check.npurunner: Compiler allocated 5293KB to compile void android.view.ViewRootImpl.performTraversals()
09-24 04:14:37.333 23011 23011 I VRI[NpuRunnerActivity]@25b28d0: call setFrameRateCategory category=no preference, reason=boost timeout, vri=VRI[NpuRunnerActivity]@25b28d0
09-24 04:14:40.136 23011 23117 D ProfileInstaller: Installing profile for com.example.d1check.npurunner
09-24 04:14:34.309 23011 23011 I wm_on_create_called: [76275324,com.example.d1check.npurunner.NpuRunnerActivity,performCreate,16]
09-24 04:14:34.309 23011 23011 I wm_on_start_called: [76275324,com.example.d1check.npurunner.NpuRunnerActivity,handleStartActivity,1]
09-24 04:14:34.312 23011 23011 I wm_on_resume_called: [76275324,com.example.d1check.npurunner.NpuRunnerActivity,RESUME_ACTIVITY,2]
09-24 04:14:34.321 23011 23011 I wm_on_top_resumed_gained_called: [76275324,com.example.d1check.npurunner.NpuRunnerActivity,topStateChangedWhenResumed]
09-24 04:14:34.339 23011 23011 I viewroot_draw_event: [VRI[NpuRunnerActivity]@25b28d0,reportDrawFinished seqId=0]
09-24 04:14:34.342 23011 23011 I wm_on_idle_called: {com.example.d1check.npurunner/com.example.d1check.npurunner.NpuRunnerActivity}
